
> rebar@0.1.0 build
> next build

node:internal/modules/cjs/loader:1412
  throw err;
  ^

Error: Cannot find module 'Z:\home\hslee\rebar\node_modules\next\dist\bin\next'
    at Function._resolveFilename (node:internal/modules/cjs/loader:1409:15)
    at defaultResolveImpl (node:internal/modules/cjs/loader:1060:19)
    at resolveForCJSWithHooks (node:internal/modules/cjs/loader:1065:22)
    at Function._load (node:internal/modules/cjs/loader:1214:37)
    at TracingChannel.traceSync (node:diagnostics_channel:322:14)
    at wrapModuleLoad (node:internal/modules/cjs/loader:234:24)
    at Function.executeUserEntryPoint [as runMain] (node:internal/modules/run_main:151:5)
    at node:internal/main/run_main_module:33:47 {
  code: 'MODULE_NOT_FOUND',
  requireStack: []
}

Node.js v23.6.0
